// Jest Snapshot v1, https://goo.gl/fbAQLP

exports[`reducers->component Should handle COMPONENT_SELECT_SUCCESS 1`] = `
Object {
  "id": "test",
}
`;
