// Jest Snapshot v1, https://goo.gl/fbAQLP

exports[`<ForgotPasswordForm /> Matches its snapshot 1`] = `
<form
  onSubmit={[Function]}
>
  <p
    className="MuiTypography-root-3 MuiTypography-body1-12"
    type="body1"
  >
    To re-set your password, please enter the email associated with your EditVR account in the form below, and click Reset Password. Once you do this, you will be redirected to the Login page, and an email will be sent to your email address with further instructions.
  </p>
  <div
    aria-describedby="email-helper-text"
    className="MuiFormControl-root-27 C-textField-1"
    onBlur={[Function]}
    onFocus={[Function]}
  >
    <label
      className="MuiFormLabel-root-36 MuiInputLabel-root-31 MuiInputLabel-formControl-32 MuiInputLabel-animated-35"
      data-shrink={false}
      htmlFor="email"
    >
      Email
      <span
        className="MuiFormLabel-asterisk-40"
      >
        â€‰*
      </span>
    </label>
    <div
      className="MuiInput-root-41 MuiInput-formControl-42 MuiInput-underline-45"
    >
      <input
        aria-invalid={false}
        aria-required={true}
        autoComplete={undefined}
        autoFocus={undefined}
        className="MuiInput-input-49 MuiInput-inputType-52"
        defaultValue={undefined}
        disabled={false}
        id="email"
        name={undefined}
        onBlur={[Function]}
        onChange={[Function]}
        onFocus={[Function]}
        onKeyDown={undefined}
        onKeyUp={undefined}
        placeholder={undefined}
        readOnly={undefined}
        required={true}
        rows={undefined}
        type="email"
        value={undefined}
      />
    </div>
    <p
      className="MuiFormHelperText-root-54"
      id="email-helper-text"
    >
      Enter the email address for your account.
    </p>
  </div>
  <button
    className="MuiButtonBase-root-74 MuiButton-root-58 MuiButton-raised-64 MuiButton-raisedPrimary-65 C-button-2"
    disabled={false}
    onBlur={[Function]}
    onFocus={[Function]}
    onKeyDown={[Function]}
    onKeyUp={[Function]}
    onMouseDown={[Function]}
    onMouseLeave={[Function]}
    onMouseUp={[Function]}
    onTouchEnd={[Function]}
    onTouchMove={[Function]}
    onTouchStart={[Function]}
    tabIndex="0"
    type="submit"
  >
    <span
      className="MuiButton-label-59"
    >
      Reset Password
    </span>
    <span
      className="MuiTouchRipple-root-77"
    />
  </button>
</form>
`;
