// Jest Snapshot v1, https://goo.gl/fbAQLP

exports[`<SceneForm /> Matches its snapshot 1`] = `"<form><div class=\\"C-dropzone-3\\" aria-disabled=\\"false\\"><svg class=\\"MuiSvgIcon-root-7 C-dropzoneIcon-5\\" focusable=\\"false\\" viewBox=\\"0 0 24 24\\" aria-hidden=\\"true\\"><g><path d=\\"M9 16h6v-6h4l-7-7-7 7h4zm-4 2h14v2H5z\\"></path></g></svg><p class=\\"MuiTypography-root-13 MuiTypography-body1-22 C-dropzoneParagraph-4\\">Drag images and drop them here, or click here to upload scene sky images (jpg, png) or videos (mp4). These images or videos should be equirectangular.</p><input type=\\"file\\" style=\\"display: none;\\" multiple=\\"\\" autocomplete=\\"off\\"></div><div class=\\"MuiFormControl-root-37 C-textField-1\\" aria-describedby=\\"title-helper-text\\"><label class=\\"MuiFormLabel-root-46 MuiInputLabel-root-41 MuiInputLabel-formControl-42 MuiInputLabel-animated-45\\" data-shrink=\\"false\\" for=\\"title\\">Title<span class=\\"MuiFormLabel-asterisk-50\\"> *</span></label><div class=\\"MuiInput-root-51 MuiInput-formControl-52 MuiInput-underline-55\\"><input aria-invalid=\\"false\\" aria-required=\\"true\\" class=\\"MuiInput-input-59\\" id=\\"title\\" required=\\"\\" type=\\"text\\" value=\\"\\"></div><p class=\\"MuiFormHelperText-root-64\\" id=\\"title-helper-text\\">Enter a user-friendly title for your scene.</p></div><div class=\\"MuiFormControl-root-37 C-textField-1\\" aria-describedby=\\"field_slug-helper-text\\"><label class=\\"MuiFormLabel-root-46 MuiInputLabel-root-41 MuiInputLabel-formControl-42 MuiInputLabel-animated-45\\" data-shrink=\\"false\\" for=\\"field_slug\\">URL Path<span class=\\"MuiFormLabel-asterisk-50\\"> *</span></label><div class=\\"MuiInput-root-51 MuiInput-formControl-52 MuiInput-underline-55\\"><input aria-invalid=\\"false\\" aria-required=\\"true\\" class=\\"MuiInput-input-59\\" id=\\"field_slug\\" required=\\"\\" type=\\"text\\" value=\\"\\"></div><p class=\\"MuiFormHelperText-root-64\\" id=\\"field_slug-helper-text\\">Enter a url-friendly name for your scene. For example, if you enter 'my-scene', your scene will be published at: /view/undefined/test/my-scene</p></div><div class=\\"MuiFormControl-root-37 C-textField-1\\" aria-describedby=\\"body-helper-text\\"><label class=\\"MuiFormLabel-root-46 MuiInputLabel-root-41 MuiInputLabel-formControl-42 MuiInputLabel-animated-45\\" data-shrink=\\"false\\" for=\\"body\\">Description<span class=\\"MuiFormLabel-asterisk-50\\"> *</span></label><div class=\\"MuiInput-root-51 MuiInput-formControl-52 MuiInput-multiline-57 MuiInput-underline-55\\"><textarea aria-invalid=\\"false\\" aria-required=\\"true\\" class=\\"MuiInput-input-59 MuiInput-inputMultiline-61\\" id=\\"body\\" required=\\"\\" rows=\\"6\\" type=\\"text\\"></textarea></div><p class=\\"MuiFormHelperText-root-64\\" id=\\"body-helper-text\\">Describe your experience so people will know what to expect before they enter your scene.</p></div><button tabindex=\\"0\\" class=\\"MuiButtonBase-root-84 MuiButton-root-68 MuiButton-raised-74 MuiButton-raisedPrimary-75 C-button-2\\" type=\\"submit\\"><span class=\\"MuiButton-label-69\\">Save</span><span class=\\"MuiTouchRipple-root-87\\"></span></button></form>"`;
