// Jest Snapshot v1, https://goo.gl/fbAQLP

exports[`<FormMessage /> Matches its snapshot 1`] = `
<h3
  className="MuiTypography-root-1 MuiTypography-subheading-8"
>
  Error: your input is borked lol
</h3>
`;
