// Jest Snapshot v1, https://goo.gl/fbAQLP

exports[`<Logout /> Matches its snapshot 1`] = `null`;
