// Jest Snapshot v1, https://goo.gl/fbAQLP

exports[`<ToolsMenu /> Matches its snapshot 1`] = `null`;
