// Jest Snapshot v1, https://goo.gl/fbAQLP

exports[`<SceneCards /> Matches its snapshot 1`] = `"<div><div class=\\"MuiPaper-root-6 MuiPaper-elevation8-16 MuiPaper-rounded-7 MuiCard-root-5 SceneCards-card-1 SceneCards-cardActive-2\\"><div class=\\"MuiCardMedia-root-33 SceneCards-cardMedia-4\\" style=\\"background-image: url(https://image.path);\\" title=\\"test\\"></div><div class=\\"MuiCardContent-root-35\\"><h1 class=\\"MuiTypography-root-36 MuiTypography-headline-41 MuiTypography-gutterBottom-53\\">test</h1><p class=\\"MuiTypography-root-36 MuiTypography-body1-45\\">This scene does not yet have a description.</p></div><div class=\\"MuiCardActions-root-60\\"><a tabindex=\\"0\\" class=\\"MuiButtonBase-root-86 MuiButton-root-70 MuiButton-outlined-74 MuiButton-sizeSmall-83 SceneCards-cardActionButton-3\\" role=\\"button\\" href=\\"/experience/vreditor/test/test\\"><span class=\\"MuiButton-label-71\\"><svg class=\\"MuiSvgIcon-root-89\\" focusable=\\"false\\" viewBox=\\"0 0 24 24\\" aria-hidden=\\"true\\"><g><path d=\\"M19 4H5c-1.11 0-2 .9-2 2v12c0 1.1.89 2 2 2h4v-2H5V8h14v10h-4v2h4c1.1 0 2-.9 2-2V6c0-1.1-.89-2-2-2zm-7 6l-4 4h3v6h2v-6h3l-4-4z\\"></path></g></svg></span><span class=\\"MuiTouchRipple-root-95\\"></span></a><a tabindex=\\"0\\" class=\\"MuiButtonBase-root-86 MuiButton-root-70 MuiButton-outlined-74 MuiButton-sizeSmall-83 SceneCards-cardActionButton-3\\" role=\\"button\\" href=\\"/experience/vreditor/test/test/mode-scene-edit\\"><span class=\\"MuiButton-label-71\\"><svg class=\\"MuiSvgIcon-root-89\\" focusable=\\"false\\" viewBox=\\"0 0 24 24\\" aria-hidden=\\"true\\"><g><path d=\\"M3 17.25V21h3.75L17.81 9.94l-3.75-3.75L3 17.25zM20.71 7.04c.39-.39.39-1.02 0-1.41l-2.34-2.34c-.39-.39-1.02-.39-1.41 0l-1.83 1.83 3.75 3.75 1.83-1.83z\\"></path></g></svg></span><span class=\\"MuiTouchRipple-root-95\\"></span></a></div></div></div>"`;
